2026-08-26 10:00:01.234 [INFO] api: Starting Flask application on port 5000
2026-08-26 10:00:01.235 [INFO] api: Database URL: postgresql://app:***@postgres:5432/appdb
2026-08-26 10:00:01.236 [INFO] api: Connection pool initialized: min=5, max=20
2026-08-26 10:00:05.123 [INFO] api: Health check passed: db=ok
2026-08-26 10:00:15.456 [INFO] api: Handled /api/hello request - 200 OK
2026-08-26 10:01:00.789 [INFO] api: Handled /api/users request - 200 OK (50ms)
2026-08-26 10:01:30.012 [INFO] api: Handled /api/hello request - 200 OK
2026-08-26 10:02:00.345 [INFO] api: Handled /api/hello request - 200 OK
2026-08-26 10:02:30.678 [INFO] api: Handled /api/audit request - 201 Created
2026-08-26 10:03:00.001 [INFO] api: Handled /api/hello request - 200 OK
2026-08-26 10:03:30.334 [INFO] api: Handled /api/hello request - 200 OK
2026-08-26 10:04:00.667 [INFO] api: Handled /api/hello request - 200 OK
2026-08-26 10:04:30.990 [INFO] api: Handled /api/hello request - 200 OK
2026-08-26 10:05:00.323 [INFO] api: Handled /api/hello request - 200 OK
2026-08-26 10:05:30.656 [INFO] api: Handled /api/hello request - 200 OK
2026-08-26 10:06:00.989 [INFO] api: Handled /api/hello request - 200 OK
2026-08-26 10:06:30.312 [INFO] api: Handled /api/hello request - 200 OK
2026-08-26 10:07:00.645 [INFO] api: Handled /api/hello request - 200 OK
2026-08-26 10:07:30.978 [INFO] api: Handled /api/orders/process request - 200 OK
2026-08-26 10:07:35.123 [INFO] api: Order processing started: batch_size=5
2026-08-26 10:07:40.456 [INFO] api: Order processing completed: 5 orders processed
2026-08-26 10:07:45.789 [INFO] api: Handled /api/hello request - 200 OK
2026-08-26 10:08:00.112 [INFO] api: Handled /api/hello request - 200 OK
2026-08-26 10:08:15.445 [INFO] api: Handled /api/orders/process request - 200 OK
2026-08-26 10:08:20.778 [INFO] api: Order processing started: batch_size=5
2026-08-26 10:08:25.101 [INFO] api: Order processing completed: 5 orders processed
2026-08-26 10:08:30.434 [INFO] api: Handled /api/orders/process request - 200 OK
2026-08-26 10:08:35.767 [INFO] api: Order processing started: batch_size=5
2026-08-26 10:08:40.090 [INFO] api: Order processing completed: 5 orders processed
2026-08-26 10:08:45.423 [INFO] api: Handled /api/orders/process request - 200 OK
2026-08-26 10:08:50.756 [INFO] api: Order processing started: batch_size=5
2026-08-26 10:08:55.089 [INFO] api: Order processing completed: 5 orders processed
2026-08-26 10:09:00.412 [ERROR] api: Database connection failed: too many connections for role "app"
2026-08-26 10:09:00.413 [ERROR] api: Connection pool exhausted: active=20, idle=0, waiting=5
2026-08-26 10:09:00.414 [WARNING] api: Retrying connection in 1s... (attempt 1/3)
2026-08-26 10:09:01.415 [ERROR] api: Database connection failed: too many connections for role "app"
2026-08-26 10:09:01.416 [WARNING] api: Retrying connection in 2s... (attempt 2/3)
2026-08-26 10:09:03.417 [ERROR] api: Database connection failed: too many connections for role "app"
2026-08-26 10:09:03.418 [WARNING] api: Retrying connection in 4s... (attempt 3/3)
2026-08-26 10:09:07.419 [ERROR] api: Database connection failed: too many connections for role "app"
2026-08-26 10:09:07.420 [CRITICAL] api: Max retries exceeded. Service degraded.
2026-08-26 10:09:07.421 [ERROR] api: Handled /api/hello request - 503 Service Unavailable
2026-08-26 10:09:08.422 [ERROR] api: Handled /api/hello request - 503 Service Unavailable
2026-08-26 10:09:09.423 [ERROR] api: Handled /api/hello request - 503 Service Unavailable
2026-08-26 10:09:10.424 [ERROR] api: Handled /api/hello request - 503 Service Unavailable
2026-08-26 10:09:11.425 [ERROR] api: Handled /api/hello request - 503 Service Unavailable
2026-08-26 10:09:12.426 [ERROR] api: Handled /api/hello request - 503 Service Unavailable
2026-08-26 10:09:13.427 [ERROR] api: Handled /api/hello request - 503 Service Unavailable
2026-08-26 10:09:14.428 [ERROR] api: Handled /api/hello request - 503 Service Unavailable
2026-08-26 10:09:15.429 [ERROR] api: Handled /api/hello request - 503 Service Unavailable
2026-08-26 10:09:16.430 [ERROR] api: Handled /api/hello request - 503 Service Unavailable
2026-08-26 10:09:17.431 [ERROR] api: Handled /api/hello request - 503 Service Unavailable
2026-08-26 10:09:18.432 [ERROR] api: Handled /api/hello request - 503 Service Unavailable
2026-08-26 10:09:19.433 [ERROR] api: Handled /api/hello request - 503 Service Unavailable
2026-08-26 10:09:20.434 [ERROR] api: Handled /api/hello request - 503 Service Unavailable
2026-08-26 10:09:21.435 [ERROR] api: Handled /api/hello request - 503 Service Unavailable
2026-08-26 10:09:22.436 [ERROR] api: Handled /api/hello request - 503 Service Unavailable
2026-08-26 10:09:23.437 [ERROR] api: Handled /api/hello request - 503 Service Unavailable
2026-08-26 10:09:24.438 [ERROR] api: Handled /api/hello request - 503 Service Unavailable
2026-08-26 10:09:25.439 [ERROR] api: Handled /api/hello request - 503 Service Unavailable
2026-08-26 10:09:26.440 [ERROR] api: Handled /api/hello request - 503 Service Unavailable
2026-08-26 10:09:27.441 [ERROR] api: Handled /api/hello request - 503 Service Unavailable
2026-08-26 10:09:28.442 [ERROR] api: Handled /api/hello request - 503 Service Unavailable
2026-08-26 10:09:29.443 [ERROR] api: Handled /api/hello request - 503 Service Unavailable
2026-08-26 10:09:30.444 [ERROR] api: Handled /api/hello request - 503 Service Unavailable
2026-08-26 10:09:31.445 [ERROR] api: Handled /api/hello request - 503 Service Unavailable
2026-08-26 10:09:32.446 [ERROR] api: Handled /api/hello request - 503 Service Unavailable
2026-08-26 10:09:33.447 [ERROR] api: Handled /api/hello request - 503 Service Unavailable
2026-08-26 10:09:34.448 [ERROR] api: Handled /api/hello request - 503 Service Unavailable
2026-08-26 10:09:35.449 [ERROR] api: Handled /api/hello request - 503 Service Unavailable
2026-08-26 10:09:36.450 [ERROR] api: Handled /api/hello request - 503 Service Unavailable
2026-08-26 10:09:37.451 [ERROR] api: Handled /api/hello request - 503 Service Unavailable
2026-08-26 10:09:38.452 [ERROR] api: Handled /api/hello request - 503 Service Unavailable
2026-08-26 10:09:39.453 [ERROR] api: Handled /api/hello request - 503 Service Unavailable
2026-08-26 10:09:40.454 [ERROR] api: Handled /api/hello request - 503 Service Unavailable
2026-08-26 10:09:41.455 [ERROR] api: Handled /api/hello request - 503 Service Unavailable
2026-08-26 10:09:42.456 [ERROR] api: Handled /api/hello request - 503 Service Unavailable
2026-08-26 10:09:43.457 [ERROR] api: Handled /api/hello request - 503 Service Unavailable
2026-08-26 10:09:44.458 [ERROR] api: Handled /api/hello request - 503 Service Unavailable
2026-08-26 10:09:45.459 [ERROR] api: Handled /api/hello request - 503 Service Unavailable
2026-08-26 10:09:46.460 [ERROR] api: Handled /api/hello request - 503 Service Unavailable
2026-08-26 10:09:47.461 [ERROR] api: Handled /api/hello request - 503 Service Unavailable
2026-08-26 10:09:48.462 [ERROR] api: Handled /api/hello request - 503 Service Unavailable
2026-08-26 10:09:49.463 [ERROR] api: Handled /api/hello request - 503 Service Unavailable
2026-08-26 10:09:50.464 [ERROR] api: Handled /api/hello request - 503 Service Unavailable
2026-08-26 10:09:51.465 [ERROR] api: Handled /api/hello request - 503 Service Unavailable
2026-08-26 10:09:52.466 [ERROR] api: Handled /api/hello request - 503 Service Unavailable
2026-08-26 10:09:53.467 [ERROR] api: Handled /api/hello request - 503 Service Unavailable
2026-08-26 10:09:54.468 [ERROR] api: Handled /api/hello request - 503 Service Unavailable
2026-08-26 10:09:55.469 [ERROR] api: Handled /api/hello request - 503 Service Unavailable
2026-08-26 10:09:56.470 [ERROR] api: Handled /api/hello request - 503 Service Unavailable
2026-08-26 10:09:57.471 [ERROR] api: Handled /api/hello request - 503 Service Unavailable
2026-08-26 10:09:58.472 [ERROR] api: Handled /api/hello request - 503 Service Unavailable
2026-08-26 10:09:59.473 [ERROR] api: Handled /api/hello request - 503 Service Unavailable
2026-08-26 10:10:00.474 [ERROR] api: Handled /api/hello request - 503 Service Unavailable
2026-08-26 10:10:01.475 [ERROR] api: Handled /api/hello request - 503 Service Unavailable
2026-08-26 10:10:02.476 [ERROR] api: Handled /api/hello request - 503 Service Unavailable
2026-08-26 10:10:03.477 [ERROR] api: Handled /api/hello request - 503 Service Unavailable
2026-08-26 10:10:04.478 [ERROR] api: Handled /api/hello request - 503 Service Unavailable
2026-08-26 10:10:05.479 [ERROR] api: Handled /api/hello request - 503 Service Unavailable
2026-08-26 10:10:06.480 [ERROR] api: Handled /api/hello request - 503 Service Unavailable
2026-08-26 10:10:07.481 [ERROR] api: Handled /api/hello request - 503 Service Unavailable
2026-08-26 10:10:08.482 [ERROR] api: Handled /api/hello request - 503 Service Unavailable
2026-08-26 10:10:09.483 [ERROR] api: Handled /api/hello request - 503 Service Unavailable
2026-08-26 10:10:10.484 [ERROR] api: Handled /api/hello request - 503 Service Unavailable
2026-08-26 10:10:11.485 [ERROR] api: Handled /api/hello request - 503 Service Unavailable
2026-08-26 10:10:12.486 [ERROR] api: Handled /api/hello request - 503 Service Unavailable
2026-08-26 10:10:13.487 [ERROR] api: Handled /api/hello request - 503 Service Unavailable
2026-08-26 10:10:14.488 [ERROR] api: Handled /api/hello request - 503 Service Unavailable
2026-08-26 10:10:15.489 [ERROR] api: Handled /api/hello request - 503 Service Unavailable
2026-08-26 10:10:16.490 [ERROR] api: Handled /api/hello request - 503 Service Unavailable
2026-08-26 10:10:17.491 [ERROR] api: Handled /api/hello request - 503 Service Unavailable
2026-08-26 10:10:18.492 [ERROR] api: Handled /api/hello request - 503 Service Unavailable
2026-08-26 10:10:19.493 [ERROR] api: Handled /api/hello request - 503 Service Unavailable
2026-08-26 10:10:20.494 [ERROR] api: Handled /api/hello request - 503 Service Unavailable
2026-08-26 10:10:21.495 [ERROR] api: Handled /api/hello request - 503 Service Unavailable
2026-08-26 10:10:22.496 [ERROR] api: Handled /api/hello request - 503 Service Unavailable
2026-08-26 10:10:23.497 [ERROR] api: Handled /api/hello request - 503 Service Unavailable
2026-08-26 10:10:24.498 [ERROR] api: Handled /api/hello request - 503 Service Unavailable
2026-08-26 10:10:25.499 [ERROR] api: Handled /api/hello request - 503 Service Unavailable
2026-08-26 10:10:26.500 [ERROR] api: Handled /api/hello request - 503 Service Unavailable
2026-08-26 10:10:27.501 [ERROR] api: Handled /api/hello request - 503 Service Unavailable
2026-08-26 10:10:28.502 [ERROR] api: Handled /api/hello request - 503 Service Unavailable
2026-08-26 10:10:29.503 [ERROR] api: Handled /api/hello request - 503 Service Unavailable
2026-08-26 10:10:30.504 [ERROR] api: Handled /api/hello request - 503 Service Unavailable
2026-08-26 10:10:31.505 [ERROR] api: Handled /api/hello request - 503 Service Unavailable
2026-08-26 10:10:32.506 [ERROR] api: Handled /api/hello request - 503 Service Unavailable
2026-08-26 10:10:33.507 [ERROR] api: Handled /api/hello request - 503 Service Unavailable
2026-08-26 10:10:34.508 [ERROR] api: Handled /api/hello request - 503 Service Unavailable
2026-08-26 10:10:35.509 [ERROR] api: Handled /api/hello request - 503 Service Unavailable
2026-08-26 10:10:36.510 [ERROR] api: Handled /api/hello request - 503 Service Unavailable
2026-08-26 10:10:37.511 [ERROR] api: Handled /api/hello request - 503 Service Unavailable
2026-08-26 10:10:38.512 [ERROR] api: Handled /api/hello request - 503 Service Unavailable
2026-08-26 10:10:39.513 [ERROR] api: Handled /api/hello request - 503 Service Unavailable
2026-08-26 10:10:40.514 [ERROR] api: Handled /api/hello request - 503 Service Unavailable
2026-08-26 10:10:41.515 [ERROR] api: Handled /api/hello request - 503 Service Unavailable
2026-08-26 10:10:42.516 [ERROR] api: Handled /api/hello request - 503 Service Unavailable
2026-08-26 10:10:43.517 [ERROR] api: Handled /api/hello request - 503 Service Unavailable
2026-08-26 10:10:44.518 [ERROR] api: Handled /api/hello request - 503 Service Unavailable
2026-08-26 10:10:45.519 [ERROR] api: Handled /api/hello request - 503 Service Unavailable
2026-08-26 10:10:46.520 [ERROR] api: Handled /api/hello request - 503 Service Unavailable
2026-08-26 10:10:47.521 [ERROR] api: Handled /api/hello request - 503 Service Unavailable
2026-08-26 10:10:48.522 [ERROR] api: Handled /api/hello request - 503 Service Unavailable
2026-08-26 10:10:49.523 [ERROR] api: Handled /api/hello request - 503 Service Unavailable
2026-08-26 10:10:50.524 [ERROR] api: Handled /api/hello request - 503 Service Unavailable
2026-08-26 10:10:51.525 [ERROR] api: Handled /api/hello request - 503 Service Unavailable
2026-08-26 10:10:52.526 [ERROR] api: Handled /api/hello request - 503 Service Unavailable
2026-08-26 10:10:53.527 [ERROR] api: Handled /api/hello request - 503 Service Unavailable
2026-08-26 10:10:54.528 [ERROR] api: Handled /api/hello request - 503 Service Unavailable
2026-08-26 10:10:55.529 [ERROR] api: Handled /api/hello request - 503 Service Unavailable
2026-08-26 10:10:56.530 [ERROR] api: Handled /api/hello request - 503 Service Unavailable
2026-08-26 10:10:57.531 [ERROR] api: Handled /api/hello request - 503 Service Unavailable
2026-08-26 10:10:58.532 [ERROR] api: Handled /api/hello request - 503 Service Unavailable
2026-08-26 10:10:59.533 [ERROR] api: Handled /api/hello request - 503 Service Unavailable
2026-08-26 10:11:00.534 [INFO] api: Attempting database connection recovery...
2026-08-26 10:11:00.535 [INFO] api: Closing stale connections: 15 connections terminated
2026-08-26 10:11:01.536 [INFO] api: Database connection restored
2026-08-26 10:11:01.537 [INFO] api: Handled /api/hello request - 200 OK
2026-08-26 10:11:05.889 [INFO] api: Handled /api/hello request - 200 OK
2026-08-26 10:11:10.221 [INFO] api: Handled /api/hello request - 200 OK
2026-08-26 10:11:15.554 [INFO] api: Handled /api/hello request - 200 OK
2026-08-26 10:11:20.887 [INFO] api: Handled /api/hello request - 200 OK
2026-08-26 10:11:25.210 [INFO] api: Handled /api/hello request - 200 OK
2026-08-26 10:11:30.543 [INFO] api: Handled /api/hello request - 200 OK
2026-08-26 10:11:35.876 [INFO] api: Handled /api/hello request - 200 OK
2026-08-26 10:11:40.209 [INFO] api: Handled /api/hello request - 200 OK
2026-08-26 10:11:45.542 [INFO] api: Handled /api/hello request - 200 OK
2026-08-26 10:11:50.875 [INFO] api: Handled /api/hello request - 200 OK
2026-08-26 10:11:55.208 [INFO] api: Handled /api/hello request - 200 OK
2026-08-26 10:12:00.541 [INFO] api: Handled /api/hello request - 200 OK
2026-08-26 10:12:05.874 [INFO] api: Handled /api/hello request - 200 OK
2026-08-26 10:12:10.207 [INFO] api: Handled /api/hello request - 200 OK
2026-08-26 10:12:15.540 [INFO] api: Handled /api/hello request - 200 OK
2026-08-26 10:12:20.873 [INFO] api: Handled /api/hello request - 200 OK
2026-08-26 10:12:25.206 [INFO] api: Handled /api/hello request - 200 OK
2026-08-26 10:12:30.539 [INFO] api: Handled /api/hello request - 200 OK
2026-08-26 10:12:35.872 [INFO] api: Handled /api/hello request - 200 OK
2026-08-26 10:12:40.205 [INFO] api: Handled /api/hello request - 200 OK
2026-08-26 10:12:45.538 [INFO] api: Handled /api/hello request - 200 OK
2026-08-26 10:12:50.871 [INFO] api: Handled /api/hello request - 200 OK
2026-08-26 10:12:55.204 [INFO] api: Handled /api/hello request - 200 OK
2026-08-26 10:13:00.537 [INFO] api: Handled /api/hello request - 200 OK
2026-08-26 10:13:05.870 [INFO] api: Handled /api/hello request - 200 OK
2026-08-26 10:13:10.203 [INFO] api: Handled /api/hello request - 200 OK
2026-08-26 10:13:15.536 [INFO] api: Handled /api/hello request - 200 OK
2026-08-26 10:13:20.869 [INFO] api: Handled /api/hello request - 200 OK
2026-08-26 10:13:25.202 [INFO] api: Handled /api/hello request - 200 OK
2026-08-26 10:13:30.535 [INFO] api: Handled /api/hello request - 200 OK
